 COOLDECK  Demo   o connected    DEMO                                                    12 apps  |  refreshed just now
────────────────────────────────────────────────────────────────────────────────────────────────────────────────────────
 RESOURCES         │Demo -> shipyard-api
                   │  Overview  |  Deployments  |  Runtime Logs  |  Configuration
 > Applications 12 │
   Deployments   0 │OVERVIEW
   Instances     1 │Status         o Running
   Diagnostics     │Health         healthy
                   │Description    Public REST API
                   │UUID           demo000ayg9ml
                   │
                   │SOURCE
                   │Repository     git@github.com:acme/shipyard-api.git
                   │Branch         main
                   │Commit         6b3514c
                   │Build pack     nixpacks
                   │
                   │DOMAINS
                   │               api.shipyard.example
                   │
                   │LAST DEPLOYMENT
                   │Result         + Finished
                   │Started        3m ago  (YYYY-MM-DD HH:MM:SS)
                   │Duration       1m 12s
                   │Commit         6b3514c
                   │Message        chore(deps): bump base image to alpine 3.21
                   │
                   │TIMESTAMPS
                   │Created        YYYY-MM-DD HH:MM:SS
                   │Updated        YYYY-MM-DD HH:MM:SS
────────────────────────────────────────────────────────────────────────────────────────────────────────────────────────
  ←→  tabs   ↑↓  scroll   d  deploy   r  restart   s  start/stop   b  open domain   o  open repo   ?  more     Overview
