 COOLDECK  Demo   o connected    DEMO                                12 apps  |  refreshed just now
──────────────────+--------------------------------------------------------------+──────────────────
  Applications [38|                                                              |stics
  STATUS       APP|  Commands                                                    |
──────────────────|  > ▏                                                         |──────────────────
> ! Degraded   bil|  type to filter · enter run · esc close                      |ling.example
  * Restarting ing|                                                              |
  * Running    lan|  Actions                                                     |.example
  . Queued     vau|  Deploy selected application                                 |xample
  # Stopped    bil|  d                                                           |
  # Stopped    met|  Force deploy selected application                           |.metrics.example
  o Running    ing|  D                                                           |example-with-a-ra.
  o Running    met|  Restart application                                         |-api.metrics.examp
  o Running    not|  r                                                           |xample
  o Running    shi|  Start or stop application                                   |pyard.example
  o Running    shi|  s                                                           |d.example
  ? Unknown    san|  Navigate                                                    |
                  |  Open runtime logs                                           |
                  |  l                                                           |
                  |  Open deployments                                            |
                  |  L                                                           |
                  |  Open application domain                                     |
                  |  b                                                           |
                  |  Open repository                                             |
                  |  o                                                           |
                  |  Clipboard                                                   |
──────────────────|  Copy application UUID                                       |──────────────────
  ↑↓  select   ent|  c                                                           |             1/12
