 COOLDECK  Demo   o connected    DEMO                                12 apps  |  refreshed just now
──────────────────+--------------------------------------------------------------+──────────────────
  Applications [48|                                                              |5m   |  Deployme
  STATUS       APP|  Commands                                                    |OMAIN
──────────────────|  > ▏                                                         |──────────────────
> ! Degraded   * b|  type to filter · enter run · esc close                      |pi.billing.example
  * Restarting ing|                                                              |
  * Running    * l|  Actions                                                     |anding.example
  . Queued     * v|  Deploy selected application                                 |ault.example
  # Stopped    * b|  d                                                           |
  # Stopped    met|  Force deploy selected application                           |taging.metrics.ex.
  o Running    * i|  D                                                           |ngest.example-wit.
  o Running    met|  Restart application                                         |taging-api.metric.
  o Running    * n|  r                                                           |otes.example
  o Running    * s|  Start or stop application                                   |pi.shipyard.exampl
  o Running    * s|  s                                                           |hipyard.example
  ? Unknown    san|  Navigate                                                    |
                  |  Open runtime logs                                           |
                  |  l                                                           |
                  |  Open deployments                                            |
                  |  L                                                           |
                  |  Open application domain                                     |
                  |  b                                                           |
                  |  Open repository                                             |
                  |  o                                                           |
                  |  Clipboard                                                   |
──────────────────|  Copy application UUID                                       |──────────────────
  ↑↓  select   ent|  c                                                           |             1/12
