 COOLDECK Demo   o connected    DEMO                 12 apps just now
──────────────────────────────────────────────────────────────────────
  Apps  |  Deploys  |  Inst  |  Diag
  STATUS       APPLICATION        BRANCH      DEPLOYED DOMAIN
──────────────────────────────────────────────────────────────────────
> ! Degraded   billing-api        main         47m ago api.billing.ex.
  * Restarting ingest-dashboard   feat/c... 1m 30s ago -
  * Running    landing-web        main             21s landing.example
  . Queued     vault-web          main              4s vault.example
  # Stopped    billing-worker     main          2h ago -
  # Stopped    metrics-web        develop    1d 2h ago staging.metric.
  o Running    ingest-service-... main          5d ago ingest.example.
  o Running    metrics-api        develop    1d 2h ago staging-api.me.
  o Running    notes-app          main         11d ago notes.example
  o Running    shipyard-api       main          3m ago api.shipyard.e.
  o Running    shipyard-web       main          3m ago shipyard.exampl
  ? Unknown    sandbox-api        main               - -



──────────────────────────────────────────────────────────────────────
  ↑↓  move   enter  detail   d  deploy   r  restart   ?  more    1/12
