 COOLDECK  Demo   o connected    DEMO                                                                                            12 apps  |  refreshed just now
────────────────────────────────────────────────────────────────────────────────────────────────────────────────────────────────────────────────────────────────
 RESOURCES               │  STATUS       APPLICATION                 BRANCH          DEPLOYED DOMAIN                +----------------------------------------+
                         │──────────────────────────────────────────────────────────────────────────────────────────| billing-api                            |
 > Applications       12 │> ! Degraded   billing-api                 main             47m ago api.billing.example   | ! Degraded                             |
   Deployments         0 │  * Restarting ingest-dashboard            feat/charts   1m 30s ago -                     |                                        |
   Instances           1 │  * Running    landing-web                 main                 21s landing.example       | Branch     main                        |
   Diagnostics           │  . Queued     vault-web                   main                  4s vault.example         | Commit     2099246                     |
                         │  # Stopped    billing-worker              main              2h ago -                     | Domain     api.billing.example         |
                         │  # Stopped    metrics-web                 develop        1d 2h ago staging.metrics.exampl|                                        |
                         │  o Running    ingest-service-with-a-ve... main              5d ago ingest.example-with-a.| LAST DEPLOYMENT                        |
                         │  o Running    metrics-api                 develop        1d 2h ago staging-api.metrics.e.| + Finished                             |
                         │  o Running    notes-app                   main             11d ago notes.example         | 47m ago  1m 43s                        |
                         │  o Running    shipyard-api                main              3m ago api.shipyard.example  | docs: document the new environment     |
                         │  o Running    shipyard-web                main              3m ago shipyard.example      | vari...                                |
                         │  ? Unknown    sandbox-api                 main                   - -                     |                                        |
                         │                                                                                          |                                        |
                         │                                                                                          |                                        |
                         │                                                                                          |                                        |
                         │                                                                                          |                                        |
                         │                                                                                          |                                        |
                         │                                                                                          |                                        |
                         │                                                                                          |                                        |
                         │                                                                                          |                                        |
                         │                                                                                          |                                        |
                         │                                                                                          |                                        |
                         │                                                                                          |                                        |
                         │                                                                                          |                                        |
                         │                                                                                          |                                        |
                         │                                                                                          |                                        |
                         │                                                                                          |                                        |
                         │                                                                                          |                                        |
                         │                                                                                          |                                        |
                         │                                                                                          |                                        |
                         │                                                                                          |                                        |
                         │                                                                                          |                                        |
                         │                                                                                          |                                        |
                         │                                                                                          |                                        |
────────────────────────────────────────────────────────────────────────────────────────────────────────────────────────────────────────────────────────────────
  ↑↓  navigate   enter  details   d  deploy   r  restart   s  start/stop   /  filter   S  sort: status   b  open domain   R  refresh   ?  more             1/12
