 COOLDECK  Demo   o connected    DEMO                                12 apps  |  refreshed just now
────────────────────────────────────────────────────────────────────────────────────────────────────
  Applications  12   |  Deployme
  STATUS       APPLICATION                      BRANCH            DEPLOYED DOMAIN
────────────────────────────────────────────────────────────────────────────────────────────────────
> ! Degraded   billing-api                      main               47m ago api.billing.example
  * Restarting ingest-dashboard                 feat/charts     1m 30s ago -
  * Running    landing-web                      main                   21s landing.example
  . Queued     vault-web                        main                    4s vault.example
  # Stopped    billing-worker                   main                2h ago -
  # Stopped    metrics-web                      develop          1d 2h ago staging.metrics.example
  o Running    ingest-service-with-a-very-lo... main                5d ago ingest.example-with-a-ra.
  o Running    metrics-api                      develop          1d 2h ago staging-api.metrics.examp
  o Running    notes-app                        main               11d ago notes.example
  o Running    shipyard-api                     main                3m ago api.shipyard.example
  o Running    shipyard-web                     main                3m ago shipyard.example
  ? Unknown    sandbox-api                      main                     - -









────────────────────────────────────────────────────────────────────────────────────────────────────
  ↑↓  navigate   enter  details   d  deploy   r  restart   s  start/stop   ?  more             1/12
