 COOLDECK Demo   o connected    DEMO                 12 apps just now
──────────────────────────────────────────────────────────────────────
  Apps  |  Deploys  |  Inst  |  Diag
  STATUS       APPLICATION        PROJECT / ENV     BRANCH      DEPLOY
──────────────────────────────────────────────────────────────────────
> ! Degraded   * billing-api      Billing / prod... main         47m a
  * Restarting ingest-dashboard   Ingest / preview  feat/c... 1m 30s a
  * Running    * landing-web      Personal / pro... main             2
  . Queued     * vault-web        Personal / pro... main
  # Stopped    * billing-worker   Billing / prod... main          2h a
  # Stopped    metrics-web        Metrics / staging develop    1d 2h a
  o Running    * ingest-servic... Ingest / produ... main          5d a
  o Running    metrics-api        Metrics / staging develop    1d 2h a
  o Running    * notes-app        Personal / pro... main         11d a
  o Running    * shipyard-api     Shipyard / pro... main          3m a
  o Running    * shipyard-web     Shipyard / pro... main          3m a
  ? Unknown    sandbox-api        Sandbox / deve... main



──────────────────────────────────────────────────────────────────────
  ↑↓  move   enter  detail   d  deploy   r  restart   ?  more    1/12
