 COOLDECK  Demo   o connected    DEMO                                                                                            12 apps  |  refreshed just now
────────────────────────────────────────────────────────────────────────────────────────────────────────────────────────────────────────────────────────────────
 RESOURCES               │  STATUS       APPLICATION         PROJECT / ENV     BRANCH      DEPLOYED DOMAIN          +----------------------------------------+
                         │──────────────────────────────────────────────────────────────────────────────────────────| billing-api                            |
 > Applications      12  │> ! Degraded   * billing-api       Billing / prod... main         47m ago api.billing.exa.| ! Degraded                             |
   Deployments        0  │  * Restarting ingest-dashboard    Ingest / preview  feat/c... 1m 30s ago -               |                                        |
   Instances          1  │  * Running    * landing-web       Personal / pro... main             21s landing.example |  PRODUCTION                            |
   Diagnostics           │  . Queued     * vault-web         Personal / pro... main              4s vault.example   |                                        |
                         │  # Stopped    * billing-worker    Billing / prod... main          2h ago -               | Project    Billing                     |
                         │  # Stopped    metrics-web         Metrics / staging develop    1d 2h ago staging.metrics.| Env        production                  |
                         │  o Running    * ingest-service... Ingest / produ... main          5d ago ingest.example-.| Server     hetzner-nbg1                |
                         │  o Running    metrics-api         Metrics / staging develop    1d 2h ago staging-api.met.| Branch     main                        |
                         │  o Running    * notes-app         Personal / pro... main         11d ago notes.example   | Commit     2099246                     |
                         │  o Running    * shipyard-api      Shipyard / pro... main          3m ago api.shipyard.ex.| Domain     api.billing.example         |
                         │  o Running    * shipyard-web      Shipyard / pro... main          3m ago shipyard.example|                                        |
                         │  ? Unknown    sandbox-api         Sandbox / deve... main               - -               | LAST DEPLOYMENT                        |
                         │                                                                                          | + Finished                             |
                         │                                                                                          | 47m ago  1m 43s                        |
                         │                                                                                          | docs: document the new environment     |
                         │                                                                                          | vari...                                |
                         │                                                                                          |                                        |
                         │                                                                                          |                                        |
                         │                                                                                          |                                        |
                         │                                                                                          |                                        |
                         │                                                                                          |                                        |
                         │                                                                                          |                                        |
                         │                                                                                          |                                        |
                         │                                                                                          |                                        |
                         │                                                                                          |                                        |
                         │                                                                                          |                                        |
                         │                                                                                          |                                        |
                         │                                                                                          |                                        |
                         │                                                                                          |                                        |
                         │                                                                                          |                                        |
                         │                                                                                          |                                        |
                         │                                                                                          |                                        |
                         │                                                                                          |                                        |
                         │                                                                                          |                                        |
────────────────────────────────────────────────────────────────────────────────────────────────────────────────────────────────────────────────────────────────
  ↑↓  navigate   enter  details   d  deploy   r  restart   s  start/stop   /  filter   S  sort: status   b  open domain   R  refresh   ?  more             1/12
