 COOLDECK  Demo   o connected    DEMO                                12 apps  |  refreshed just now
────────────────────────────────────────────────────────────────────────────────────────────────────
  Applications 12  |  Deployments 0  |  Instances 1  |  Diagnostics
  STATUS       APPLICATION                      BRANCH            DEPLOYED DOMAIN
────────────────────────────────────────────────────────────────────────────────────────────────────
> ! Degraded   billing-api                      main               47m ago api.billing.example
  * Restarting ingest-dashboard                 feat/charts     1m 30s ago -
  * Running    landing-web                      main                   21s landing.example
  . Queued     vault-web                        main                    4s vault.example
  # Stopped    billing-+----------------------------------------------------+
  # Stopped    metrics-|                                                    |aging.metrics.example
  o Running    ingest-s|  Deploy application?                               |gest.example-with-a-ra.
  o Running    metrics-|                                                    |aging-api.metrics.examp
  o Running    notes-ap|  Application: shipyard-api                         |tes.example
  o Running    shipyard|                                                    |i.shipyard.example
  o Running    shipyard|    enter confirm      esc cancel                   |ipyard.example
  ? Unknown    sandbox-|                                                    |
                       +----------------------------------------------------+








────────────────────────────────────────────────────────────────────────────────────────────────────
  ↑↓  navigate   enter  details   d  deploy   r  restart   s  start/stop   ?  more             1/12
