 COOLDECK  Demo   o connected    DEMO                                                                                            12 apps  |  refreshed just now
────────────────────────────────────────────────────────────────────────────────────────────────────────────────────────────────────────────────────────────────
 RESOURCES               │DEPLOYMENTS
                         │2 shown  ·  2 active  ·  active only  ·  a toggle
   Applications       12 │
 > Deployments         2 │  STATUS       APPLICATION                    COMMIT   STARTED    DURATION   PROGRESS          TRIGGER  MESSAGE
   Instances           1 │──────────────────────────────────────────────────────────────────────────────────────────────────────────────────────────────────────
   Diagnostics           │> * Running    landing-web                    6c880be  21s ago    21s        #------- ~2m 2s   api      fix: handle empty response fr.
                         │  . Queued     vault-web                      a5f785b  just now   4s         -------- ~1m 4s   api      refactor: extract deployment .
                         │
                         │
                         │
                         │
                         │
                         │
                         │
                         │
                         │
                         │
                         │
                         │
                         │
                         │
                         │
                         │
                         │
                         │
                         │
                         │
                         │
                         │
                         │
                         │
                         │
                         │
                         │
                         │
                         │
────────────────────────────────────────────────────────────────────────────────────────────────────────────────────────────────────────────────────────────────
  ↑↓  select   enter  open log   a  active filter   t  timeline   c  copy UUID   R  refresh   1  apps   ?  help                                             1/2
