 COOLDECK  Demo   o connected    DEMO                                12 apps  |  refreshed just now
────────────────────────────────────────────────────────────────────────────────────────────────────
  Applications  12   |  Deployme
  STATUS       APPLICATION            PROJECT / ENV        BRANCH       DEPLOYED DOMAIN
────────────────────────────────────────────────────────────────────────────────────────────────────
> ! Degraded   * maintenea-api        Maintenea / produ... main          47m ago api.maintenea.dev
  * Restarting logen-dashboard        Logen / preview      feat/ch... 1m 30s ago —
  * Running    * resetnak-web         Personal / produc... main              21s resetnak.cz
  . Queued     * shredloq             Personal / produc... main               4s shredloq.com
  # Stopped    * mainte+----------------------------------------------------+ago —
  # Stopped    weektraq|                                                    |ago staging.weektraq.ap
  o Running    * logen-|  Deploy application?                               |ago ingest.logen.examp.
  o Running    * nosmok|                                                    |ago nosmoko.app
  o Running    * stimus|  Application: stimustop-api                        |ago api.stimustop.com
  o Running    * stimus|                                                    |ago stimustop.com
  o Running    weektraq|    enter confirm      esc cancel                   |ago staging-api.weektr.
  ? Unknown    mpd-api |                                                    |  — —
                       +----------------------------------------------------+








────────────────────────────────────────────────────────────────────────────────────────────────────
  ↑↓  navigate   enter  details   d  deploy   r  restart   s  start/stop   ?  more             1/12
