 COOLDECK  Demo   o connected    DEMO                                12 apps  |  refreshed just now
────────────────────────────────────────────────────────────────────────────────────────────────────
  Applications  12   |  Deployme
  STATUS       APPLICATION            PROJECT / ENV        BRANCH       DEPLOYED DOMAIN
────────────────────────────────────────────────────────────────────────────────────────────────────
> ! Degraded   * billing-api          Billing / production main          47m ago api.billing.example
  * Restarting ingest-dashboard       Ingest / preview     feat/ch... 1m 30s ago -
  * Running    * landing-web          Personal / produc... main              21s landing.example
  . Queued     * vault-web            Personal / produc... main               4s vault.example
  # Stopped    * billin+----------------------------------------------------+ago -
  # Stopped    metrics-|                                                    |ago staging.metrics.ex.
  o Running    * ingest|  Deploy application?                               |ago ingest.example-wit.
  o Running    metrics-|                                                    |ago staging-api.metric.
  o Running    * notes-|  Application: shipyard-api                         |ago notes.example
  o Running    * shipya|                                                    |ago api.shipyard.exampl
  o Running    * shipya|    enter confirm      esc cancel                   |ago shipyard.example
  ? Unknown    sandbox-|                                                    |  - -
                       +----------------------------------------------------+








────────────────────────────────────────────────────────────────────────────────────────────────────
  ↑↓  navigate   enter  details   d  deploy   r  restart   s  start/stop   ?  more             1/12
