 COOLDECK  Demo   o connected    DEMO                                                                                            12 apps  |  refreshed just now
────────────────────────────────────────────────────────────────────────────────────────────────────────────────────────────────────────────────────────────────
 RESOURCES               │FLEET TAIL
                         │18 lines  shipyard-api  shipyard-web  billing-api  just now  follow
 > Applications       12 │
   Deployments         0 │>shipyard-api 2026-08-04T11:56:28Z INFO  GET /healthz 200 in 2ms
   Instances           1 │>shipyard-web 2026-08-04T11:56:28Z INFO  GET /healthz 200 in 2ms
   Diagnostics           │>shipyard-api 2026-08-04T11:56:35Z INFO  GET /api/v1/entries 200 in 31ms
                         │>shipyard-web 2026-08-04T11:56:35Z INFO  GET /api/v1/entries 200 in 31ms
                         │>shipyard-api 2026-08-04T11:56:42Z WARN  slow query detected: SELECT * FROM entries took 812ms
                         │>shipyard-web 2026-08-04T11:56:42Z WARN  slow query detected: SELECT * FROM entries took 812ms
                         │>shipyard-api 2026-08-04T11:56:49Z INFO  POST /api/v1/entries 201 in 64ms
                         │>shipyard-web 2026-08-04T11:56:49Z INFO  POST /api/v1/entries 201 in 64ms
                         │>billing-api  2026-08-04T11:56:49Z INFO  POST /api/v1/entries 201 in 64ms
                         │>shipyard-api 2026-08-04T11:56:56Z INFO  GET /healthz 200 in 2ms
                         │>shipyard-web 2026-08-04T11:56:56Z INFO  GET /healthz 200 in 2ms
                         │>billing-api  2026-08-04T11:56:56Z INFO  GET /healthz 200 in 2ms
                         │>shipyard-api 2026-08-04T11:57:03Z DEBUG scheduled job 'digest' skipped, not due yet
                         │>shipyard-web 2026-08-04T11:57:03Z DEBUG scheduled job 'digest' skipped, not due yet
                         │>billing-api  2026-08-04T11:57:03Z DEBUG scheduled job 'digest' skipped, not due yet
                         │>billing-api  2026-08-04T11:57:10Z WARN  health check /health returned 503
                         │>billing-api  2026-08-04T11:57:17Z ERROR upstream dependency timed out after 5s
                         │>billing-api  2026-08-04T11:57:24Z WARN  health check /health returned 503
                         │
                         │
                         │
                         │
                         │
                         │
                         │
                         │
                         │
                         │
                         │
                         │
                         │
                         │
                         │
────────────────────────────────────────────────────────────────────────────────────────────────────────────────────────────────────────────────────────────────
  space  pause   f  follow   w  wrap   /  search   c  copy   ↑↓  scroll   esc  back                                                                        1/12
