 COOLDECK  Demo   o connected    DEMO                                12 apps  |  refreshed just now
──────────────+----------------------------------------------------------------------+──────────────
  Applications|                                                                      |s
  STATUS      |  cooldeck help                                                       |
──────────────|  A fast and polished terminal dashboard for monitoring and           |──────────────
> ! Degraded  |  operating Coolify deployments.                                      |.example
  * Restarting|  esc close  ·  ↑↓ scroll                                             |
  * Running   |                                                                      |mple
  . Queued    |  Global                                                              |le
  # Stopped   |  ↑↓ / j k            move selection                                  |
  # Stopped   |  g / G               first / last                                    |rics.example
  o Running   |  ctrl+d / ctrl+u     page down / up                                  |ple-with-a-ra.
  o Running   |  enter               open / confirm                                  |.metrics.examp
  o Running   |  esc / q             back / quit                                     |le
  o Running   |  tab / shift+tab     next / previous pane                            |d.example
  o Running   |  /                   filter or search                                |ample
  ? Unknown   |  : / ctrl+k          command palette                                 |
              |  ?                   this help                                       |
              |  R                   manual refresh                                  |
              |  ctrl+t              cycle theme                                     |
              |  ctrl+w              toggle compact mode                             |
              |  ctrl+c              force quit                                      |
              |                                                                      |
              |  Sections                                                            |
              |  1                   applications                                    |
              |  2                   deployments                                     |
──────────────|                                                                      |──────────────
  ↑↓  scroll  +----------------------------------------------------------------------+         1/12
