 COOLDECK  Demo   o connected    DEMO                                12 apps  |  refreshed just now
──────────────+----------------------------------------------------------------------+──────────────
  Applications|                                                                      |m  |  Deployme
  STATUS      |  cooldeck help                                                       |N
──────────────|  A fast and polished terminal dashboard for monitoring and           |──────────────
> ! Degraded  |  operating Coolify deployments.                                      |illing.example
  * Restarting|  esc close  ·  ↑↓ scroll                                             |
  * Running   |                                                                      |ng.example
  . Queued    |  Global                                                              |.example
  # Stopped   |  ↑↓ / j k            move selection                                  |
  # Stopped   |  g / G               first / last                                    |ng.metrics.ex.
  o Running   |  ctrl+d / ctrl+u     page down / up                                  |t.example-wit.
  o Running   |  enter               open / confirm                                  |ng-api.metric.
  o Running   |  esc / q             back / quit                                     |.example
  o Running   |  tab / shift+tab     next / previous pane                            |hipyard.exampl
  o Running   |  /                   filter or search                                |ard.example
  ? Unknown   |  : / ctrl+k          command palette                                 |
              |  ?                   this help                                       |
              |  R                   manual refresh                                  |
              |  ctrl+t              cycle theme                                     |
              |  ctrl+w              toggle compact mode                             |
              |  ctrl+c              force quit                                      |
              |                                                                      |
              |  Sections                                                            |
              |  1                   applications                                    |
              |  2                   deployments                                     |
──────────────|                                                                      |──────────────
  ↑↓  scroll  +----------------------------------------------------------------------+         1/12
